// Jest Snapshot v1, https://goo.gl/fbAQLP

exports[`BackButton.vue should have a custom msg, icon, route, color and match snapshot 1`] = `
<div class="row my-3"><button type="button" class="v-btn v-btn--is-elevated v-btn--has-bg theme--light elevation-2 v-size--default primary"><span class="v-btn__content"><i aria-hidden="true" class="v-icon notranslate mr-2 material-icons theme--light">Calendar</i>
        Back to Calendar
    </span></button></div>
`;
